// Jest Snapshot v1, https://goo.gl/fbAQLP

exports[`CategoriesPills Component renders correctly 1`] = `
<View
  style={
    Object {
      "backgroundColor": "#20215a",
      "borderRadius": 4,
      "display": "flex",
      "flexDirection": "row",
      "marginBottom": 16,
      "padding": 10,
      "paddingLeft": 16,
    }
  }
>
  <Text
    markdown={false}
    style={
      Object {
        "color": "#2cda9d",
        "paddingTop": 2,
      }
    }
    type="h3"
  >
    0 selected
  </Text>
</View>
`;
