// Jest Snapshot v1, https://goo.gl/fbAQLP

exports[`Header Component renders correctly 1`] = `
<View>
  <View
    style={
      Object {
        "flexDirection": "row",
        "justifyContent": "space-between",
        "marginTop": 10,
        "width": "100%",
      }
    }
  >
    <ActionButton
      label="Cancel"
      onPress={[Function]}
      style={Object {}}
    />
  </View>
  <Text
    allowFontScaling={true}
    markdown={false}
    onLayout={[Function]}
    style={
      Object {
        "color": "#ffffff",
        "marginBottom": 6,
        "marginTop": 14,
      }
    }
    type="h1"
  >
    Show me
  </Text>
  <View
    style={
      Object {
        "height": 88,
        "marginBottom": 16,
        "width": "100%",
      }
    }
  >
    <CategoriesPills
      selectedCategories={Set {}}
      style={Object {}}
    />
  </View>
</View>
`;
