// Jest Snapshot v1, https://goo.gl/fbAQLP

exports[`ListItem Component renders correctly 1`] = `
<Touchable
  accessibilityComponentType="button"
  accessibilityTraits={
    Array [
      "button",
    ]
  }
  delayPressIn={50}
  onPress={[Function]}
  style={
    Object {
      "alignItems": "flex-start",
      "flex": 1,
      "minHeight": 48,
      "paddingBottom": 8,
      "paddingTop": 8,
      "position": "relative",
    }
  }
>
  <AnimatedComponent
    style={
      Array [
        Object {
          "position": "absolute",
          "width": 766,
        },
        Object {
          "backgroundColor": "#ffffff",
          "height": 56,
          "transform": Array [
            Object {
              "translateX": -1484,
            },
          ],
        },
      ]
    }
  />
  <Image
    height={20}
    source={1}
    style={
      Object {
        "marginLeft": 6,
        "position": "absolute",
      }
    }
    width={20}
  />
  <View
    onLayout={[Function]}
  >
    <Text
      allowFontScaling={true}
      markdown={false}
      style={
        Array [
          Object {
            "color": "#ffffff",
            "fontFamily": "Poppins-Bold",
            "fontSize": 24,
            "letterSpacing": 0,
            "paddingLeft": 32,
            "paddingTop": 10,
            "textAlign": "left",
          },
          Object {
            "color": "#ffffff",
          },
        ]
      }
      type="text"
    >
      Music
    </Text>
  </View>
</Touchable>
`;
