// Jest Snapshot v1, https://goo.gl/fbAQLP

exports[`Event filters reducer initialises with default state 1`] = `
Object {
  "selectedFilters": Object {
    "categories": Set {},
    "date": null,
    "time": Set {},
  },
}
`;
