// Jest Snapshot v1, https://goo.gl/fbAQLP

exports[`Events reducer initialises with default state 1`] = `
Object {
  "data": Object {
    "assets": Array [],
    "entries": Array [],
  },
  "loading": true,
  "refreshing": false,
}
`;
