// Jest Snapshot v1, https://goo.gl/fbAQLP

exports[`ConnectedTimeFilterDialog renders component 1`] = `
<Dialog
  applyButtonLabel="No events"
  applyButtonText="No events"
  onApply={[Function]}
  onCancel={[Function]}
  title="Select time"
  visible={true}
>
  <CheckBox
    checked={false}
    key="Morning"
    label="Morning"
    onChange={[Function]}
    style={
      Object {
        "height": 48,
        "paddingHorizontal": 16,
      }
    }
  />
  <CheckBox
    checked={false}
    key="Afternoon"
    label="Afternoon"
    onChange={[Function]}
    style={
      Object {
        "height": 48,
        "paddingHorizontal": 16,
      }
    }
  />
  <CheckBox
    checked={false}
    key="Evening"
    label="Evening"
    onChange={[Function]}
    style={
      Object {
        "height": 48,
        "paddingHorizontal": 16,
      }
    }
  />
</Dialog>
`;

exports[`ConnectedTimeFilterDialog renders connector 1`] = `
<MultiSelectDialog
  applyButtonText="No events"
  onApply={[Function]}
  onCancel={[Function]}
  onChange={[Function]}
  options={
    Array [
      "Morning",
      "Afternoon",
      "Evening",
    ]
  }
  selectedIndexes={Array []}
  store={
    Object {
      "clearActions": [Function],
      "dispatch": [Function],
      "getActions": [Function],
      "getState": [Function],
      "replaceReducer": [Function],
      "subscribe": [Function],
    }
  }
  storeSubscription={
    Subscription {
      "listeners": Object {
        "clear": [Function],
        "get": [Function],
        "notify": [Function],
        "subscribe": [Function],
      },
      "onStateChange": [Function],
      "parentSub": undefined,
      "store": Object {
        "clearActions": [Function],
        "dispatch": [Function],
        "getActions": [Function],
        "getState": [Function],
        "replaceReducer": [Function],
        "subscribe": [Function],
      },
      "unsubscribe": [Function],
    }
  }
  title="Select time"
  visible={true}
/>
`;
