// Jest Snapshot v1, https://goo.gl/fbAQLP

exports[`ContentPadding renders correctly 1`] = `
<View
  style={
    Array [
      Object {},
      Object {},
    ]
  }
>
  <Text
    accessible={true}
    allowFontScaling={true}
    ellipsizeMode="tail"
  >
    Something
  </Text>
</View>
`;
