// Jest Snapshot v1, https://goo.gl/fbAQLP

exports[`renders correctly 1`] = `
<TouchableOpacity
  accessibilityComponentType="button"
  accessibilityTraits={
    Array [
      "button",
    ]
  }
  activeOpacity={0.2}
  onPress={[Function]}
  style={
    Array [
      Object {
        "alignItems": "center",
        "borderColor": "rgb(44, 218, 157)",
        "borderRadius": 4,
        "borderWidth": 1,
        "height": 32,
        "justifyContent": "center",
        "paddingHorizontal": 8,
      },
      Object {
        "marginTop": 16,
      },
    ]
  }
>
  <Text
    markdown={false}
    style={
      Object {
        "color": "rgb(44, 218, 157)",
      }
    }
    type="text"
  >
    1-2-3 filtered
  </Text>
</TouchableOpacity>
`;
