// Jest Snapshot v1, https://goo.gl/fbAQLP

exports[`renders correctly 1`] = `
<Text
  accessible={true}
  allowFontScaling={true}
  ellipsizeMode="tail"
  onLayout={[Function]}
  style={
    Array [
      Object {
        "fontFamily": "Roboto",
        "fontSize": 16,
        "lineHeight": 24,
      },
      Object {},
    ]
  }
>
  Some text
</Text>
`;

exports[`renders markdown component based on flag 1`] = `
<Markdown
  allowFontScaling={true}
  debug={false}
  markdownStyles={
    Object {
      "h1": Object {
        "fontFamily": "Poppins-Bold",
        "fontSize": 24,
        "includeFontPadding": false,
        "lineHeight": 28,
      },
      "h2": Object {
        "fontFamily": "Poppins-SemiBold",
        "fontSize": 18,
        "includeFontPadding": false,
        "lineHeight": 24,
      },
      "h3": Object {
        "fontFamily": "Poppins-SemiBold",
        "fontSize": 16,
        "includeFontPadding": false,
        "lineHeight": 20,
      },
      "h4": Object {
        "fontFamily": "Roboto-Medium",
        "fontSize": 16,
        "lineHeight": 24,
      },
      "price": Object {
        "fontFamily": "Roboto-Bold",
        "fontSize": 14,
        "lineHeight": 20,
      },
      "small": Object {
        "fontFamily": "Roboto",
        "fontSize": 14,
        "lineHeight": 20,
      },
      "text": Object {
        "color": "#111111",
      },
      "u": Object {
        "fontWeight": "bold",
      },
    }
  }
  onLayout={[Function]}
  parseInline={false}
  style={Object {}}
  useDefaultStyles={true}
>
  **Some markdown**
</Markdown>
`;
