// Jest Snapshot v1, https://goo.gl/fbAQLP

exports[`renders correctly 1`] = `
<View
  style={
    Object {
      "backgroundColor": "#20215a",
    }
  }
>
  <withOrientation>
    <StatusBar
      animated={true}
      barStyle="light-content"
      showHideTransition="fade"
    />
  </withOrientation>
</View>
`;
